
Memory Configuration

Name             Origin             Length             Attributes
MEM              0x00000000         0x04000000         xrw
*default*        0x00000000         0xffffffff

Linker script and memory map

                0x00010000                . = 0x10000

.startup        0x00010000       0x10
 Startup.o(.text)
 .text          0x00010000       0x10 Startup.o
                0x00010000                reset

.text           0x00010010       0x68
 *(.text)
 .text          0x00010010       0x18 App.o
                0x00010010                main
 .text          0x00010028       0x50 Uart.o
                0x00010028                Uart_Send

.rodata         0x00010078       0x34
 .rodata        0x00010078       0x34 App.o
                0x00010078                My_Text2

.glue_7         0x000100ac        0x0
 .glue_7        0x00000000        0x0 linker stubs

.glue_7t        0x000100ac        0x0
 .glue_7t       0x00000000        0x0 linker stubs

.vfp11_veneer   0x000100ac        0x0
 .vfp11_veneer  0x00000000        0x0 linker stubs

.v4_bx          0x000100ac        0x0
 .v4_bx         0x00000000        0x0 linker stubs

.iplt           0x000100ac        0x0
 .iplt          0x00000000        0x0 Startup.o

.rel.dyn        0x000100ac        0x0
 .rel.iplt      0x00000000        0x0 Startup.o

.data           0x000100ac       0x68
 *(.data)
 .data          0x000100ac        0x0 Startup.o
 .data          0x000100ac       0x68 App.o
                0x000100ac                My_Text
                0x000100e0                My_Text3
 .data          0x00010114        0x0 Uart.o

.igot.plt       0x00010114        0x0
 .igot.plt      0x00000000        0x0 Startup.o

.bss            0x00010114        0x0
 *(.bss)
 .bss           0x00010114        0x0 Startup.o
 .bss           0x00010114        0x0 App.o
 .bss           0x00010114        0x0 Uart.o
                0x00011114                . = (. + 0x1000)
                0x00011114                StackPointer = .
LOAD App.o
LOAD Uart.o
OUTPUT(First_Lab.elf elf32-littlearm)

.ARM.attributes
                0x00000000       0x2e
 .ARM.attributes
                0x00000000       0x22 Startup.o
 .ARM.attributes
                0x00000022       0x32 App.o
 .ARM.attributes
                0x00000054       0x32 Uart.o

.comment        0x00000000       0x11
 .comment       0x00000000       0x11 App.o
                                 0x12 (size before relaxing)
 .comment       0x00000000       0x12 Uart.o

.debug_line     0x00000000       0xac
 .debug_line    0x00000000       0x3a Startup.o
 .debug_line    0x0000003a       0x35 App.o
 .debug_line    0x0000006f       0x3d Uart.o

.debug_info     0x00000000      0x151
 .debug_info    0x00000000       0x60 Startup.o
 .debug_info    0x00000060       0x95 App.o
 .debug_info    0x000000f5       0x5c Uart.o

.debug_abbrev   0x00000000       0xc6
 .debug_abbrev  0x00000000       0x14 Startup.o
 .debug_abbrev  0x00000014       0x61 App.o
 .debug_abbrev  0x00000075       0x51 Uart.o

.debug_aranges  0x00000000       0x60
 .debug_aranges
                0x00000000       0x20 Startup.o
 .debug_aranges
                0x00000020       0x20 App.o
 .debug_aranges
                0x00000040       0x20 Uart.o

.debug_loc      0x00000000       0x58
 .debug_loc     0x00000000       0x2c App.o
 .debug_loc     0x0000002c       0x2c Uart.o

.debug_str      0x00000000       0x93
 .debug_str     0x00000000       0x76 App.o
 .debug_str     0x00000076       0x1d Uart.o
                                 0x65 (size before relaxing)

.debug_frame    0x00000000       0x54
 .debug_frame   0x00000000       0x2c App.o
 .debug_frame   0x0000002c       0x28 Uart.o
