
Memory Configuration

Name             Origin             Length             Attributes
Flash            0x08000000         0x00020000         xr
Sram             0x20000000         0x00005000         xrw
*default*        0x00000000         0xffffffff

Linker script and memory map


.text           0x08000000      0x174
 *(.vectors*)
 .vectors       0x08000000       0x1c Startup.o
                0x08000000                vectors
 *(.text*)
 .text          0x0800001c       0xa8 main.o
                0x0800001c                main
 .text          0x080000c4       0xac Startup.o
                0x080000c4                Bus_Fault_Handler
                0x080000c4                Memory_Management_Handler
                0x080000c4                Usage_Fault_Handler
                0x080000c4                Hard_Fault_Handler
                0x080000c4                default_Handler
                0x080000c4                NMI_Handler
                0x080000d0                Rest_Handler
 *(.rodata)
 .rodata        0x08000170        0x4 main.o
                0x08000170                c_var
                0x08000174                . = ALIGN (0x4)
                0x08000174                _E_Text_ = .

.glue_7         0x08000174        0x0
 .glue_7        0x00000000        0x0 linker stubs

.glue_7t        0x08000174        0x0
 .glue_7t       0x00000000        0x0 linker stubs

.vfp11_veneer   0x08000174        0x0
 .vfp11_veneer  0x00000000        0x0 linker stubs

.v4_bx          0x08000174        0x0
 .v4_bx         0x00000000        0x0 linker stubs

.iplt           0x08000174        0x0
 .iplt          0x00000000        0x0 main.o

.rel.dyn        0x08000174        0x0
 .rel.iplt      0x00000000        0x0 main.o

.data           0x20000000        0x8 load address 0x08000174
                0x20000000                _S_Data_ = .
 *(.data)
 .data          0x20000000        0x8 main.o
                0x20000000                R_ODR
                0x20000004                g_var
 .data          0x20000008        0x0 Startup.o
                0x20000008                . = ALIGN (0x4)
                0x20000008                _E_Data_ = .
                0x20000008                . = ALIGN (0x4)

.igot.plt       0x20000008        0x0 load address 0x0800017c
 .igot.plt      0x00000000        0x0 main.o

.bss            0x20000008     0x1000 load address 0x0800017c
                0x20000008                _S_Bss_ = .
 *(.bss)
 .bss           0x20000008        0x0 main.o
 .bss           0x20000008        0x0 Startup.o
                0x20000008                . = ALIGN (0x4)
                0x20000008                _E_Bss_ = .
                0x20000008                . = ALIGN (0x4)
                0x20001008                . = (. + 0x1000)
 *fill*         0x20000008     0x1000 
                0x20001008                _StackPointer = .
LOAD main.o
LOAD Startup.o
OUTPUT(Second_Lab.elf elf32-littlearm)

.debug_info     0x00000000      0x2cb
 .debug_info    0x00000000      0x163 main.o
 .debug_info    0x00000163      0x168 Startup.o

.debug_abbrev   0x00000000      0x1a3
 .debug_abbrev  0x00000000       0xee main.o
 .debug_abbrev  0x000000ee       0xb5 Startup.o

.debug_loc      0x00000000       0x9c
 .debug_loc     0x00000000       0x38 main.o
 .debug_loc     0x00000038       0x64 Startup.o

.debug_aranges  0x00000000       0x40
 .debug_aranges
                0x00000000       0x20 main.o
 .debug_aranges
                0x00000020       0x20 Startup.o

.debug_line     0x00000000      0x138
 .debug_line    0x00000000       0x9b main.o
 .debug_line    0x0000009b       0x9d Startup.o

.debug_str      0x00000000      0x16a
 .debug_str     0x00000000       0xdb main.o
                                0x10f (size before relaxing)
 .debug_str     0x000000db       0x8f Startup.o
                                0x15f (size before relaxing)

.comment        0x00000000       0x11
 .comment       0x00000000       0x11 main.o
                                 0x12 (size before relaxing)
 .comment       0x00000000       0x12 Startup.o

.ARM.attributes
                0x00000000       0x33
 .ARM.attributes
                0x00000000       0x33 main.o
 .ARM.attributes
                0x00000033       0x33 Startup.o

.debug_frame    0x00000000       0x78
 .debug_frame   0x00000000       0x2c main.o
 .debug_frame   0x0000002c       0x4c Startup.o
