
Memory Configuration

Name             Origin             Length             Attributes
Flash            0x00000000         0x20000000         xr
Sram             0x20000000         0x20000000         xrw
*default*        0x00000000         0xffffffff

Linker script and memory map


.text           0x00000000      0x1b0
 *(.vectors*)
 .vectors       0x00000000       0x10 Startup.o
                0x00000000                G_Ptr_Func_Vectors
 *(.text*)
 .text          0x00000010       0x68 GPIO_init.o
                0x00000010                GPIOF_init
 .text          0x00000078       0x78 main.o
                0x00000078                main
 .text          0x000000f0       0xbc Startup.o
                0x000000f0                Hard_Fault_Handler
                0x000000f0                default_Handler
                0x000000f0                NMI_Handler
                0x000000fc                Rest_Handler
 *(.rodata)
 .rodata        0x000001ac        0x4 main.o
                0x000001ac                c_var
                0x000001b0                . = ALIGN (0x4)
                0x000001b0                _E_Text_ = .

.glue_7         0x000001b0        0x0
 .glue_7        0x00000000        0x0 linker stubs

.glue_7t        0x000001b0        0x0
 .glue_7t       0x00000000        0x0 linker stubs

.vfp11_veneer   0x000001b0        0x0
 .vfp11_veneer  0x00000000        0x0 linker stubs

.v4_bx          0x000001b0        0x0
 .v4_bx         0x00000000        0x0 linker stubs

.iplt           0x000001b0        0x0
 .iplt          0x00000000        0x0 GPIO_init.o

.rel.dyn        0x000001b0        0x0
 .rel.iplt      0x00000000        0x0 GPIO_init.o

.data           0x20000000        0x4 load address 0x000001b0
                0x20000000                _S_Data_ = .
 *(.data)
 .data          0x20000000        0x0 GPIO_init.o
 .data          0x20000000        0x4 main.o
                0x20000000                g_var
 .data          0x20000004        0x0 Startup.o
                0x20000004                . = ALIGN (0x4)
                0x20000004                _E_Data_ = .
                0x20000004                . = ALIGN (0x4)

.igot.plt       0x20000004        0x0 load address 0x000001b4
 .igot.plt      0x00000000        0x0 GPIO_init.o

.bss            0x20000004      0x400 load address 0x000001b4
                0x20000004                _S_Bss_ = .
 *(.bss)
 .bss           0x20000004        0x0 GPIO_init.o
 .bss           0x20000004        0x0 main.o
 .bss           0x20000004      0x400 Startup.o
                0x20000404                . = ALIGN (0x4)
                0x20000404                _E_Bss_ = .
LOAD GPIO_init.o
LOAD main.o
LOAD Startup.o
OUTPUT(Third_Lab_Cortex-M4.elf elf32-littlearm)

.debug_info     0x00000000      0x2b7
 .debug_info    0x00000000       0x3c GPIO_init.o
 .debug_info    0x0000003c       0xe1 main.o
 .debug_info    0x0000011d      0x19a Startup.o

.debug_abbrev   0x00000000      0x18b
 .debug_abbrev  0x00000000       0x2c GPIO_init.o
 .debug_abbrev  0x0000002c       0x88 main.o
 .debug_abbrev  0x000000b4       0xd7 Startup.o

.debug_loc      0x00000000       0xc8
 .debug_loc     0x00000000       0x2c GPIO_init.o
 .debug_loc     0x0000002c       0x38 main.o
 .debug_loc     0x00000064       0x64 Startup.o

.debug_aranges  0x00000000       0x60
 .debug_aranges
                0x00000000       0x20 GPIO_init.o
 .debug_aranges
                0x00000020       0x20 main.o
 .debug_aranges
                0x00000040       0x20 Startup.o

.debug_line     0x00000000      0x145
 .debug_line    0x00000000       0x45 GPIO_init.o
 .debug_line    0x00000045       0x52 main.o
 .debug_line    0x00000097       0xae Startup.o

.debug_str      0x00000000      0x163
 .debug_str     0x00000000       0x53 GPIO_init.o
 .debug_str     0x00000053       0x71 main.o
                                 0xe1 (size before relaxing)
 .debug_str     0x000000c4       0x9f Startup.o
                                0x168 (size before relaxing)

.comment        0x00000000       0x11
 .comment       0x00000000       0x11 GPIO_init.o
                                 0x12 (size before relaxing)
 .comment       0x00000000       0x12 main.o
 .comment       0x00000000       0x12 Startup.o

.ARM.attributes
                0x00000000       0x33
 .ARM.attributes
                0x00000000       0x33 GPIO_init.o
 .ARM.attributes
                0x00000033       0x33 main.o
 .ARM.attributes
                0x00000066       0x33 Startup.o

.debug_frame    0x00000000       0xa4
 .debug_frame   0x00000000       0x28 GPIO_init.o
 .debug_frame   0x00000028       0x30 main.o
 .debug_frame   0x00000058       0x4c Startup.o
